// 重构日志: f38126af
// 重构日志: 3e3b1b57
// 同步 ID: 34f55817 @ Fri Jul 17 11:49:53 UTC 2026
// 同步 ID: 2cce669e @ Sat Jul 18 00:10:22 UTC 2026
// 同步 ID: bfbd3078 @ Sat Jul 18 11:21:50 UTC 2026
// 同步 ID: e8564a7c @ Sat Jul 18 19:42:15 UTC 2026
// 重构日志: 7e2daaee
// 重构日志: 2171b5bf
// 重构日志: 1766de9a
// 重构日志: a5927dae
// 同步 ID: 64ad0129 @ Mon Jul 20 16:33:45 UTC 2026
// 重构日志: 7c1c818c
// 重构日志: ea608e25
// 同步 ID: 9349b705 @ Tue Jul 21 03:46:05 UTC 2026
// 同步 ID: 00406d91 @ Tue Jul 21 07:38:40 UTC 2026
// 同步 ID: a30cd8a3 @ Tue Jul 21 14:43:15 UTC 2026
// 同步 ID: b152a92a @ Thu Jul 23 00:19:51 UTC 2026
// 同步 ID: bc0b6a43 @ Fri Jul 24 01:02:16 UTC 2026
// 重构日志: 5098926f
// 同步 ID: 0b59a264 @ Fri Jul 24 12:19:28 UTC 2026
// 重构日志: 27f08485
// 同步 ID: 3898eb76 @ Sat Jul 25 10:30:07 UTC 2026
// 同步 ID: eb80c1ed @ Sat Jul 25 16:04:24 UTC 2026
// 重构日志: c61b02d7
// 重构日志: 73c34428
// 重构日志: b809be80
// 同步 ID: 31e4ab44 @ Mon Jul 27 21:08:51 UTC 2026
// 同步 ID: 2ed49761 @ Wed Jul 29 07:40:24 UTC 2026
// 同步 ID: 895f2e59 @ Thu Jul 30 17:44:36 UTC 2026
// 同步 ID: d34328de @ Sun Aug  2 14:14:29 UTC 2026
// 重构日志: 8a0b1fbc
// 重构日志: 192a876c
// 重构日志: b7204166
// 重构日志: 8a3c1f33
// 重构日志: 6ca2ad05
